$# Creating journal file 
$# C:\Users\Usuario\Desktop\MuE_Patran\Cono\Materiales\Materiales.db.jou at 
$# 24-Nov-21 12:36:21
uil_file_rebuild.start("C:\Program Files\MSC.Software\NaPa_SE\20211\Patran" // @
"/template.db","C:\Users\Usuario\Desktop\MuE_Patran\Cono\Materiales\Materi" // @
"ales.db")
$# Synchronizing the User Data Manager
set_current_dir( "C:\Users\Usuario\Desktop\MuE_Patran\Cono\Materiales" )
$# The current working directory has been changed to the database location 
$# shown.                                                                     
$#                                                                            
$#                                   
db_set_pref( 303, 3, 0, FALSE, 4.9999999E-06, "" )
material.create( "Analysis code ID", 1, "Analysis type ID", 1, "Plie_Tension", @
 0, "Date: 24-Nov-21           Time: 12:36:33", "2d Orthotropic", 5,  @
"Directionality", 4, "Linearity", 0, "Homogeneous", 0, "Failure", 4,  @
"Model Options & IDs", ["Stress", "Hill", "", "", ""], [6, 2, 0, 0, 0],  @
"Active Flag", 1, "Create", 10, "External Flag", FALSE, "Property IDs", [ @
"Tension Stress Limit 11", "Tension Stress Limit 22",  @
"Compress Stress Limit 11", "Compress Stress Limit 22", "Shear Stress Limit",  @
"Bonding Shear Stress Limit"], [99, 102, 100, 103, 101, 132, 0],  @
"Property Values", ["2.233077856412412", "0.046333120547832",  @
"1.417907393925760", "0.254726342940573", "0.087935932604777",  @
"0.087935932604777", ""] )
uil_primary_file.db_save(  )
uil_primary_file.db_save(  )
$# Flushing the User Data Manager
$# Journal file stopped recording at 24-Nov-21 13:50:03
$# Appending to existing journal file 
$# C:\Users\Usuario\Desktop\MuE_Patran\Cono\Materiales\Materiales.db.jou at 
$# 24-Nov-21 17:29:54
$# Synchronizing the User Data Manager
set_current_dir( "C:\Users\Usuario\Desktop\MuE_Patran\Cono\Materiales" )
$# The current working directory has been changed to the database location 
$# shown.                                                                     
$#                                                                            
$#                                   
material.create( "Analysis code ID", 1, "Analysis type ID", 1,  @
"Plie_Compression", 0, "Date: 24-Nov-21           Time: 12:36:33",  @
"2d Orthotropic", 5, "Directionality", 4, "Linearity", 1, "Homogeneous", 0,  @
"Linear Elastic", 1, "Model Options & IDs", ["", "", "", "", ""], [0, 0, 0, 0, @
 0], "Active Flag", 1, "Create", 10, "External Flag", FALSE, "Property IDs", [ @
"Elastic Modulus 11", "Elastic Modulus 22", "Poisson Ratio 12",  @
"Shear Modulus 12", "Shear Modulus 23", "Shear Modulus 13", "Density"], [2, 3, @
 5, 8, 9, 10, 16, 0], "Property Values", ["1.409321119472876e+02",  @
"9.712303673491480", "0.356333333333333", "4.648791929756596",  @
"4.648791929756596", "4.648791929756596", "1.58", ""] )
material.rename( "Plie_Tension", "Plie_Tension" )
material.create( "Analysis code ID", 1, "Analysis type ID", 1, "Plie_Tension", @
 1, "Date: 24-Nov-21           Time: 12:36:33", "2d Orthotropic", 5,  @
"Directionality", 4, "Linearity", 0, "Homogeneous", 0, "Failure", 4,  @
"Model Options & IDs", ["Stress", "Hill", "", "", ""], [6, 2, 0, 0, 0],  @
"Active Flag", 1, "Modify", 31, "External Flag", FALSE, "Property IDs", ["",  @
""], [0], "Property Values", [""] )
uil_primary_file.db_save(  )
gm_hilight_clear(  )
gm_hilight_clear(  )
gm_hilight_clear(  )
gm_hilight_clear(  )
gm_hilight_clear(  )
gm_hilight_clear(  )
uil_primary_file.db_save(  )
$# Flushing the User Data Manager
$# Journal file stopped recording at 24-Nov-21 17:39:43
$# Appending to existing journal file 
$# C:\Users\Usuario\Desktop\MuE_Patran\Cono\Materiales\Materiales.db.jou at 
$# 24-Nov-21 17:52:40
$# Synchronizing the User Data Manager
set_current_dir( "C:\Users\Usuario\Desktop\MuE_Patran\Cono\Materiales" )
$# The current working directory has been changed to the database location 
$# shown.                                                                     
$#                                                                            
$#                                   
$# Error reported from application MATERIALS
$#     A ply thickness of 0. was entered.  Ply thicknesses must be positive.
$? NO 28003022 
mat_create_lam3( "Laminate_Tension_10", "", 1, ["Plie_Tension", "Plie_Tension" @
, "Plie_Tension", "Plie_Tension", "Plie_Tension", "Plie_Tension",  @
"Plie_Tension", "Plie_Tension", "Plie_Tension", ""], [" 2.000000E-01",  @
" 2.000000E-01", " 2.000000E-01", " 2.000000E-01", " 2.000000E-01",  @
" 2.000000E-01", " 2.000000E-01", " 2.000000E-01", " 2.000000E-01", ""], [ @
" 0.000000E+00", " 0.000000E+00", " 0.000000E+00", " 0.000000E+00",  @
" 0.000000E+00", " 0.000000E+00", " 0.000000E+00", " 0.000000E+00",  @
" 0.000000E+00", ""], ["", "", "", "", "", "", "", "", "", ""], 9, "",  @
"Create" )
$# Warning reported from application MATERIALS
$#     Neither the linearly elastic nor the thermal constitutive model is 
$# defined for material Plie_Tension so no composite material properties can 
$# be generated.
mat_create_lam3( "Laminate_Compresson_10", "", 1, ["Plie_Compression",  @
"Plie_Compression", "Plie_Compression", "Plie_Compression", "Plie_Compression" @
, "Plie_Compression", "Plie_Compression", "Plie_Compression",  @
"Plie_Compression", ""], [" 2.000000E-01", " 2.000000E-01", " 2.000000E-01",  @
" 2.000000E-01", " 2.000000E-01", " 2.000000E-01", " 2.000000E-01",  @
" 2.000000E-01", " 2.000000E-01", ""], [" 0.000000E+00", " 0.000000E+00",  @
" 0.000000E+00", " 0.000000E+00", " 0.000000E+00", " 0.000000E+00",  @
" 0.000000E+00", " 0.000000E+00", " 0.000000E+00", ""], ["", "", "", "", "",  @
"", "", "", "", ""], 9, "", "Create" )
uil_primary_file.db_save(  )
$# Flushing the User Data Manager
$# Journal file stopped recording at 24-Nov-21 17:57:26
$# Appending to existing journal file 
$# C:\Users\Usuario\Desktop\MuE_Patran\Cono\Materiales\Materiales.db.jou at 
$# 24-Nov-21 21:41:02
$# Synchronizing the User Data Manager
set_current_dir( "C:\Users\Usuario\Desktop\MuE_Patran\Cono\Materiales" )
$# The current working directory has been changed to the database location 
$# shown.                                                                     
$#                                                                            
$#                                   
sys_poll_option( 2 )
ga_group_create( "Helix" )
ga_group_current_set( "Helix" )
$# Group "Helix" created.
sys_poll_option( 0 )
sys_poll_option( 2 )
ga_group_create( "Vertical" )
ga_group_current_set( "Vertical" )
$# Group "Vertical" created.
sys_poll_option( 0 )
sys_poll_option( 2 )
ga_group_create( "Horizontal" )
ga_group_current_set( "Horizontal" )
$# Group "Horizontal" created.
sys_poll_option( 0 )
uil_primary_file.db_save(  )
uil_primary_file.db_save(  )
$# Flushing the User Data Manager
$# Journal file stopped recording at 24-Nov-21 21:53:47
$# Appending to existing journal file 
$# C:\Users\Usuario\Desktop\MuE_Patran\Cono\Materiales\Materiales.db.jou at 
$# 26-Nov-21 15:43:26
$# Synchronizing the User Data Manager
set_current_dir( "C:\Users\Usuario\Desktop\MuE_Patran\Cono\Materiales" )
$# The current working directory has been changed to the database location 
$# shown.                                                                     
$#                                                                            
$#                                   
gm_hilight_clear(  )
gm_hilight_clear(  )
gm_hilight_clear(  )
gm_hilight_clear(  )
gm_hilight_clear(  )
gm_hilight_clear(  )
elementprops_create( "SHell_Ten10", 51, 25, 35, 1, 3, 20, [13, 20, 4037, 4111, @
 4265, 1005, 5, 8111, 4213], [5, 9, 1, 1, 1, 1, 1, 4, 4], [ @
"m:Laminate_Tension_10", "", "", "", "", "", "", "", ""], "" )
$# Property Set "SHell_Ten10" created.
elementprops_create( "SHell_Com10", 51, 25, 35, 1, 3, 20, [13, 20, 4037, 4111, @
 4265, 1005, 5, 8111, 4213], [5, 9, 1, 1, 1, 1, 1, 4, 4], [ @
"m:Laminate_Compresson_10", "", "", "", "", "", "", "", ""], "" )
$# Property Set "SHell_Com10" created.
uil_primary_file.db_save(  )
uil_primary_file.db_save(  )
uil_primary_file.db_save(  )
uil_primary_file.db_save(  )
uil_primary_file.db_save(  )
$# Flushing the User Data Manager
$# Journal file stopped recording at 26-Nov-21 15:45:22
$# Appending to existing journal file 
$# C:\Users\Usuario\Desktop\MuE_Patran\Cono\Materiales\Materiales.db.jou at 
$# 27-Nov-21 11:03:35
$# Synchronizing the User Data Manager
set_current_dir( "C:\Users\Usuario\Desktop\MuE_Patran\Cono\Materiales" )
$# The current working directory has been changed to the database location 
$# shown.                                                                     
$#                                                                            
$#                                   
ga_group_current_set( "default_group" )
sys_poll_option( 2 )
uil_group_delete_group.delete_groups( FALSE, 1, ["Helix"] )
sys_poll_option( 0 )
sys_poll_option( 2 )
uil_group_delete_group.delete_groups( FALSE, 1, ["Horizontal"] )
sys_poll_option( 0 )
sys_poll_option( 2 )
uil_group_delete_group.delete_groups( FALSE, 1, ["Vertical"] )
sys_poll_option( 0 )
sys_poll_option( 2 )
ga_group_create( "H1" )
ga_group_current_set( "H1" )
$# Group "H1" created.
sys_poll_option( 0 )
sys_poll_option( 2 )
ga_group_create( "H2" )
ga_group_current_set( "H2" )
$# Group "H2" created.
sys_poll_option( 0 )
sys_poll_option( 2 )
ga_group_create( "R" )
ga_group_current_set( "R" )
$# Group "R" created.
sys_poll_option( 0 )
sys_poll_option( 2 )
ga_group_create( "V" )
ga_group_current_set( "V" )
$# Group "V" created.
sys_poll_option( 0 )
$# Flushing the User Data Manager
$# Journal file stopped recording at 27-Nov-21 11:06:19
$# Appending to existing journal file 
$# C:\Users\Usuario\Desktop\MuE_Patran\Cono\Materiales\Materiales.db.jou at 
$# 28-Nov-21 11:15:11
$# Synchronizing the User Data Manager
set_current_dir( "C:\Users\Usuario\Desktop\MuE_Patran\Cono\Materiales" )
$# The current working directory has been changed to the database location 
$# shown.                                                                     
$#                                                                            
$#                                   
material.rename( "Plie_Tension", "Plie_Tension" )
material.create( "Analysis code ID", 1, "Analysis type ID", 1, "Plie_Tension", @
 1, "Date: 24-Nov-21           Time: 12:36:33", "2d Orthotropic", 5,  @
"Directionality", 4, "Linearity", 1, "Homogeneous", 0, "Linear Elastic", 1,  @
"Model Options & IDs", ["", "", "", "", ""], [0, 0, 0, 0, 0], "Active Flag",  @
1, "Modify", 31, "External Flag", FALSE, "Property IDs", ["Elastic Modulus 11" @
, "Elastic Modulus 22", "Poisson Ratio 12", "Shear Modulus 12",  @
"Shear Modulus 23", "Shear Modulus 13", "Density"], [2, 3, 5, 8, 9, 10, 16, 0] @
, "Property Values", ["1.584890820272573e+02", "8.949053741531438",  @
"0.315611111111111", "4.648791929756596", "4.648791929756596",  @
"4.648791929756596", "1.58", ""] )
$# Material Plie_Tension has been successfully modified.  However, it has 
$# been detected that this material is being used as a constituent for one or 
$# more composite materials.  Proceeding to update the properties for these 
$# composites.
$# ...MODIFIED Constituent is Plie_Tension: UPDATING Composite 
$# Laminate_Tension_10.
uil_primary_file.db_save(  )
material.rename( "Plie_Compression", "Plie_Compression" )
material.create( "Analysis code ID", 1, "Analysis type ID", 1,  @
"Plie_Compression", 2, "Date: 24-Nov-21           Time: 12:36:33",  @
"2d Orthotropic", 5, "Directionality", 4, "Linearity", 0, "Homogeneous", 0,  @
"Failure", 4, "Model Options & IDs", ["Stress", "Hill", "", "", ""], [6, 2, 0, @
 0, 0], "Active Flag", 1, "Modify", 30, "External Flag", FALSE, "Property IDs" @
, ["Tension Stress Limit 11", "Tension Stress Limit 22",  @
"Compress Stress Limit 11", "Compress Stress Limit 22", "Shear Stress Limit",  @
"Bonding Shear Stress Limit"], [99, 102, 100, 103, 101, 132, 0],  @
"Property Values", ["2.233077856412412", "0.046333120547832",  @
"1.417907393925760", "0.254726342940573", "0.087935932604777",  @
"0.087935932604777", ""] )
$# Material Plie_Compression has been successfully modified.  However, it has 
$# been detected that this material is being used as a constituent for one or 
$# more composite materials.  Proceeding to update the properties for these 
$# composites.
$# ...MODIFIED Constituent is Plie_Compression: UPDATING Composite 
$# Laminate_Compresson_10.
uil_primary_file.db_save(  )
uil_primary_file.db_save(  )
uil_primary_file.db_save(  )
uil_primary_file.db_save(  )
uil_primary_file.db_save(  )
uil_primary_file.db_save(  )
uil_primary_file.db_save(  )
$# Flushing the User Data Manager
$# Journal file stopped recording at 28-Nov-21 11:40:19
$# Appending to existing journal file 
$# C:\Users\Usuario\Desktop\MuE_Patran\Cono\Materiales\Materiales.db.jou at 
$# 27-Jan-22 12:56:16
$# FLEXlm initialization complete.  Acquiring license(s)...
$# License File: EDU
$# Patran 2021.1  (Student Edition) has obtained 0 concurrent license(s) from 
$# FLEXlm per a request to execute on Windows node DESKTOP-ESCFBKS(
$# 049226c18e93) (Windows 6.2 (Build 9200: Service Pack 0)) at 27-Jan-22 
$# 12:56:16.
$# Begin Reading RMB Menu definitions
$# Done Reading RMB Menu definitions
$# Loading dynamic library C:\Program 
$# Files\MSC.Software\NaPa_SE\20211\Patran\bin\exe\loads_browser.dll
$# 0îßR} shared library 'Loads Browser', Version 2021, Revision 3, Patch 0, 
$# has been loaded for: MSC.Patran.
$# Flushing the User Data Manager
$# Journal file stopped recording at 27-Jan-22 12:57:09
$# Appending to existing journal file 
$# C:\Users\Usuario\Desktop\MuE_Patran\Cono\Materiales\Materiales.db.jou at 
$# 01-Feb-22 11:47:09
$# Synchronizing the User Data Manager
set_current_dir( "C:\Users\Usuario\Desktop\MuE_Patran\Cono\Materiales" )
$# The current working directory has been changed to the database location 
$# shown.                                                                     
$#                                                                            
$#                                   
$# Flushing the User Data Manager
$# Journal file stopped recording at 01-Feb-22 11:49:31
$# Appending to existing journal file 
$# C:\Users\Usuario\Desktop\MuE_Patran\Cono\Materiales\Materiales.db.jou at 
$# 02-Feb-22 10:21:52
$# FLEXlm initialization complete.  Acquiring license(s)...
$# License File: EDU
$# Patran 2021.1  (Student Edition) has obtained 0 concurrent license(s) from 
$# FLEXlm per a request to execute on Windows node DESKTOP-ESCFBKS(
$# 049226c18e93) (Windows 6.2 (Build 9200: Service Pack 0)) at 02-Feb-22 
$# 10:21:52.
$# Begin Reading RMB Menu definitions
$# Done Reading RMB Menu definitions
$# Loading dynamic library C:\Program 
$# Files\MSC.Software\NaPa_SE\20211\Patran\bin\exe\loads_browser.dll
$# °ê™† shared library 'Loads Browser', Version 2021, Revision 3, Patch 0, 
$# has been loaded for: MSC.Patran.
$# Flushing the User Data Manager
$# Journal file stopped recording at 02-Feb-22 10:22:08
