$# Creating journal file 
$# C:\Users\Usuario\Desktop\MuE_Patran\Cono\Optimizacion\01\01.db.jou at 
$# 26-Nov-21 15:45:52
uil_file_rebuild.start("C:\Program Files\MSC.Software\NaPa_SE\20211\Patran" // @
"/template.db","C:\Users\Usuario\Desktop\MuE_Patran\Cono\Optimizacion\01\01.db")
$# Synchronizing the User Data Manager
set_current_dir( "C:\Users\Usuario\Desktop\MuE_Patran\Cono\Optimizacion\01" )
$# The current working directory has been changed to the database location 
$# shown.                                                                     
$#                                                                            
$#                                   
db_set_pref( 303, 3, 0, FALSE, 4.9999999E-05, "" )
uil_primary_file.db_save(  )
db_import_database_v3( "C:\Users\Usuario\Desktop\MuE_Patran\Cono\Materiale" // @
"s\Materiales.db", ["Point", "Curve", "Surface", "Solid", "Coordinate Frame",  @
"Plane", "Vector", "Node", "Element", "MPC", "User Data", "Connector", "Job",  @
"Material", "Element Property", "Load/BC, Load Case", "Field", "DOF List",  @
"Super Element", "Group", ""], ["All", "All", "All", "All", "All", "All",  @
"All", "All", "All", "All", "All", "All", "All", "All", "All", "All", "All",  @
"All", "All", "All"], [-2000000000, -2000000000, -2000000000, -2000000000,  @
-2000000000, -2000000000, -2000000000, -2000000000, -2000000000, -2000000000,  @
-2000000000, -2000000000, -2000000000, 0, 0, 0, 0, 0, 0, 0], ["", "", "", "",  @
"", "", "", "", "", "", "", "", "", "SM_001_", "SM_001_", "SM_001_", "SM_001_" @
, "SM_001_", "SM_001_", "SM_001_"], ["DATA_AND_NAME", "DATA_AND_NAME",  @
"DATA_AND_NAME", "DATA_AND_NAME", "DATA_AND_NAME", "DATA_AND_NAME",  @
"DATA_AND_NAME"], 3, TRUE, TRUE, "cube", 4.9999999E-05, TRUE, ["useprim",  @
"useprim", "useprim"] )
$# Loading 1 "User Data" entities.
$# Loading 1 "Job" entities.
$# Loading 4 "Material" entities.
$# Loading 2 "Element Property" entities.
$# Loading 1 "Load/BC, Load Case" entities.
$# Loading 4 "Group" entities.
$# Loading all referenced entities.
$# Saving 13 entities.
$# Posting all entities.
uil_primary_file.db_save(  )
uil_primary_file.db_save(  )
uil_primary_file.db_save(  )
uil_primary_file.db_save(  )
$# Flushing the User Data Manager
$# Journal file stopped recording at 26-Nov-21 16:02:46
