$# Creating journal file 
$# C:\Users\Usuario\Desktop\MuE_Patran\Cono\Optimizacion\01\01.db.jou at 
$# 25-Nov-21 16:01:27
uil_file_rebuild.start("C:\Program Files\MSC.Software\NaPa_SE\20211\Patran" // @
"/template.db","C:\Users\Usuario\Desktop\MuE_Patran\Cono\Optimizacion\01\01.db")
$# Synchronizing the User Data Manager
set_current_dir( "C:\Users\Usuario\Desktop\MuE_Patran\Cono\Optimizacion\01" )
$# The current working directory has been changed to the database location 
$# shown.                                                                     
$#                                                                            
$#                                   
db_set_pref( 303, 3, 0, FALSE, 4.9999999E-06, "" )
sys_poll_option( 2 )
ga_group_create( "Curves" )
ga_group_current_set( "Curves" )
$# Group "Curves" created.
sys_poll_option( 0 )
sys_poll_option( 2 )
ga_group_create( "Surfaces" )
ga_group_current_set( "Surfaces" )
$# Group "Surfaces" created.
sys_poll_option( 0 )
uil_viewport_post_groups.posted_groups( "default_viewport", 2, ["Surfaces",  @
"default_group"] )
uil_viewport_post_groups.posted_groups( "default_viewport", 1, ["Surfaces"] )
uil_viewport_post_groups.posted_groups( "default_viewport", 0, ["empty"] )
$# Warning reported from application Group Applications
$#     There are no groups posted to the viewport.
uil_viewport_post_groups.posted_groups( "default_viewport", 1, ["Curves"] )
$# Checking for Patran 2021.1  (Student Edition) module license...
$# Warning reported from application FILE
$#     Import/Export of STEP using non-Parasolid method is a deprecated 
$# feature and may be removed in future release.  The preferred method is to 
$# use the "Import to Parasolid" method.
uil_file_import_step203.p3_step203_import(  @
"C:\Users\Usuario\Desktop\MuE_Patran\Cono\Optimizacion\01\CAD\Cone_Curves.stp" )
$# Loading dynamic library C:\Program 
$# Files\MSC.Software\NaPa_SE\20211\Patran\bin\exe\callap203import.dll
p3_express_options_file( "express.opt", FALSE, 1, 1, 52054, TRUE, [1., 0., 0., @
 0., 0., 1., 0., 0., 0., 0., 1., 0.], 0, ["0"], [[-1]], [[-1]], [[-1]], FALSE, @
 [0], TRUE, [0], TRUE, [0], 3, 1, 3 )
INTEGER uil_file_import_s_express_count(64,2)
p3_express_import( "express.opt", "Cone_Curves.exp", FALSE, TRUE, FALSE, TRUE, @
 uil_file_import_s_express_count )
$# The Global Model Tolerance has been changed from 5E-06 to the newly 
$# calculated Global Model Tolerance of 0.005.
p3_express_import_exit( TRUE, TRUE )
uil_file_import_step203.import_cc1_data(  @
"C:\Users\Usuario\Desktop\MuE_Patran\Cono\Optimizacion\01\CAD\Cone_Curves.stp" )
uil_toolbar.model_center(  )
uil_viewport_post_groups.posted_groups( "default_viewport", 0, ["empty"] )
$# Warning reported from application Group Applications
$#     There are no groups posted to the viewport.
uil_viewport_post_groups.posted_groups( "default_viewport", 1, ["Surfaces"] )
uil_file_import_step203.p3_step203_import(  @
"C:\Users\Usuario\Desktop\MuE_Patran\Cono\Optimizacion\01\CAD\Cone_Horizon" // @
"tal.stp" )
p3_express_options_file( "express.opt", FALSE, 1, 1, 52054, TRUE, [1., 0., 0., @
 0., 0., 1., 0., 0., 0., 0., 1., 0.], 0, ["0"], [[-1]], [[-1]], [[-1]], FALSE, @
 [0], TRUE, [0], TRUE, [0], 3, 1, 3 )
p3_express_import( "express.opt", "Cone_Horizontal.exp", FALSE, TRUE, FALSE,  @
TRUE, uil_file_import_s_express_count )
p3_express_import_exit( TRUE, TRUE )
uil_file_import_step203.import_cc1_data(  @
"C:\Users\Usuario\Desktop\MuE_Patran\Cono\Optimizacion\01\CAD\Cone_Horizon" // @
"tal.stp" )
uil_toolbar.model_center(  )
uil_viewport_post_groups.posted_groups( "default_viewport", 2, ["Curves",  @
"Surfaces"] )
uil_viewport_post_groups.posted_groups( "default_viewport", 3, ["Curves",  @
"Surfaces", "default_group"] )
$# Model tree: Not supported operation
uil_viewport_post_groups.posted_groups( "default_viewport", 2, ["Curves",  @
"Surfaces"] )
uil_viewport_post_groups.posted_groups( "default_viewport", 3, ["Curves",  @
"Surfaces", "default_group"] )
uil_viewport_post_groups.posted_groups( "default_viewport", 0, ["empty"] )
$# Warning reported from application Group Applications
$#     There are no groups posted to the viewport.
uil_viewport_post_groups.posted_groups( "default_viewport", 1, [ @
"default_group"] )
uil_viewport_post_groups.posted_groups( "default_viewport", 0, ["empty"] )
$# Warning reported from application Group Applications
$#     There are no groups posted to the viewport.
uil_viewport_post_groups.posted_groups( "default_viewport", 1, [ @
"default_group"] )
uil_viewport_post_groups.posted_groups( "default_viewport", 0, ["empty"] )
$# Warning reported from application Group Applications
$#     There are no groups posted to the viewport.
sys_poll_option( 2 )
ga_group_create( "Cutted" )
ga_group_current_set( "Cutted" )
$# Group "Cutted" created.
sys_poll_option( 0 )
uil_viewport_post_groups.posted_groups( "default_viewport", 2, ["Cutted",  @
"Surfaces"] )
uil_viewport_post_groups.posted_groups( "default_viewport", 1, ["Cutted"] )
uil_viewport_post_groups.posted_groups( "default_viewport", 2, ["Curves",  @
"Cutted"] )
STRING sgm_surface_break_c_created_ids[VIRTUAL]
sgm_edit_surface_break_v1( "4", "Surface 1:3", TRUE, 3, 0, 0., "", "",  @
"Curve 1:8", sgm_surface_break_c_created_ids )
$# Warning reported from application SGM
$#     Unable to break Surface 1 with Curve 1
$# Warning reported from application SGM
$#     Unable to break Surface 2 with Curve 2
$# Warning reported from application SGM
$#     Unable to break Surface 3 with Curve 3
$# Warning reported from application SGM
$#     Unable to break Surface 3 with Curve 4
$# Warning reported from application SGM
$#     Unable to break Surface 3 with Curve 5
$# Warning reported from application SGM
$#     Unable to break Surface 3 with Curve 6
$# Warning reported from application SGM
$#     Unable to break Surface 3 with Curve 7
$# Warning reported from application SGM
$#     Unable to break Surface 3 with Curve 8
$# No Geometry Created.
uil_viewport_post_groups.posted_groups( "default_viewport", 1, ["Cutted"] )
sgm_edit_surface_break_v1( "4", "Surface 1:3", TRUE, 3, 0, 0., "", "",  @
"Curve 1:8", sgm_surface_break_c_created_ids )
$# Warning reported from application SGM
$#     Unable to break Surface 1 with Curve 1
$# Warning reported from application SGM
$#     Unable to break Surface 2 with Curve 2
$# Warning reported from application SGM
$#     Unable to break Surface 3 with Curve 3
$# Warning reported from application SGM
$#     Unable to break Surface 3 with Curve 4
$# Warning reported from application SGM
$#     Unable to break Surface 3 with Curve 5
$# Warning reported from application SGM
$#     Unable to break Surface 3 with Curve 6
$# Warning reported from application SGM
$#     Unable to break Surface 3 with Curve 7
$# Warning reported from application SGM
$#     Unable to break Surface 3 with Curve 8
$# No Geometry Created.
sgm_edit_surface_break_v1( "4", "Surface 1:3", TRUE, 3, 0, 0., "", "",  @
"Curve 1:8", sgm_surface_break_c_created_ids )
$# Warning reported from application SGM
$#     Unable to break Surface 1 with Curve 1
$# Warning reported from application SGM
$#     Unable to break Surface 2 with Curve 2
$# Warning reported from application SGM
$#     Unable to break Surface 3 with Curve 3
$# Warning reported from application SGM
$#     Unable to break Surface 3 with Curve 4
$# Warning reported from application SGM
$#     Unable to break Surface 3 with Curve 5
$# Warning reported from application SGM
$#     Unable to break Surface 3 with Curve 6
$# Warning reported from application SGM
$#     Unable to break Surface 3 with Curve 7
$# Warning reported from application SGM
$#     Unable to break Surface 3 with Curve 8
$# No Geometry Created.
uil_viewport_post_groups.posted_groups( "default_viewport", 2, ["Curves",  @
"Cutted"] )
uil_viewport_post_groups.posted_groups( "default_viewport", 3, ["Curves",  @
"Cutted", "Surfaces"] )
sgm_edit_surface_break_v1( "4", "Surface 1:3", TRUE, 3, 0, 0., "", "",  @
"Curve 1:8", sgm_surface_break_c_created_ids )
$# Warning reported from application SGM
$#     Unable to break Surface 1 with Curve 1
$# Warning reported from application SGM
$#     Unable to break Surface 2 with Curve 2
$# Warning reported from application SGM
$#     Unable to break Surface 3 with Curve 3
$# Warning reported from application SGM
$#     Unable to break Surface 3 with Curve 4
$# Warning reported from application SGM
$#     Unable to break Surface 3 with Curve 5
$# Warning reported from application SGM
$#     Unable to break Surface 3 with Curve 6
$# Warning reported from application SGM
$#     Unable to break Surface 3 with Curve 7
$# Warning reported from application SGM
$#     Unable to break Surface 3 with Curve 8
$# No Geometry Created.
ga_view_aa_set( -46.045258, -5.673825, 11.951765 )
uil_viewport_post_groups.posted_groups( "default_viewport", 2, ["Curves",  @
"Surfaces"] )
ga_group_current_set("Curves")
sgm_edit_surface_break_v1( "4", "Surface 1:3", TRUE, 3, 0, 0., "", "",  @
"Curve 1:8", sgm_surface_break_c_created_ids )
$# Warning reported from application SGM
$#     Unable to break Surface 1 with Curve 1
$# Warning reported from application SGM
$#     Unable to break Surface 2 with Curve 2
$# Warning reported from application SGM
$#     Unable to break Surface 3 with Curve 3
$# Warning reported from application SGM
$#     Unable to break Surface 3 with Curve 4
$# Warning reported from application SGM
$#     Unable to break Surface 3 with Curve 5
$# Warning reported from application SGM
$#     Unable to break Surface 3 with Curve 6
$# Warning reported from application SGM
$#     Unable to break Surface 3 with Curve 7
$# Warning reported from application SGM
$#     Unable to break Surface 3 with Curve 8
$# No Geometry Created.
uil_viewport_post_groups.posted_groups( "default_viewport", 1, ["Surfaces"] )
STRING sgm_surface_break_c_created_ids[VIRTUAL]
sgm_edit_surface_break_v1( "4", "Surface 1:3", TRUE, 3, 0, 0., "", "",  @
"Curve 1:8", sgm_surface_break_c_created_ids )
$# Warning reported from application SGM
$#     Unable to break Surface 1 with Curve 1
$# Warning reported from application SGM
$#     Unable to break Surface 2 with Curve 2
$# Warning reported from application SGM
$#     Unable to break Surface 3 with Curve 3
$# Warning reported from application SGM
$#     Unable to break Surface 3 with Curve 4
$# Warning reported from application SGM
$#     Unable to break Surface 3 with Curve 5
$# Warning reported from application SGM
$#     Unable to break Surface 3 with Curve 6
$# Warning reported from application SGM
$#     Unable to break Surface 3 with Curve 7
$# Warning reported from application SGM
$#     Unable to break Surface 3 with Curve 8
$# No Geometry Created.
uil_viewport_post_groups.posted_groups( "default_viewport", 2, ["Curves",  @
"Surfaces"] )
sgm_edit_surface_break_v1( "4", "Surface 1:3", TRUE, 3, 0, 0., "", "",  @
"Curve 1:8", sgm_surface_break_c_created_ids )
$# Warning reported from application SGM
$#     Unable to break Surface 1 with Curve 1
$# Warning reported from application SGM
$#     Unable to break Surface 2 with Curve 2
$# Warning reported from application SGM
$#     Unable to break Surface 3 with Curve 3
$# Warning reported from application SGM
$#     Unable to break Surface 3 with Curve 4
$# Warning reported from application SGM
$#     Unable to break Surface 3 with Curve 5
$# Warning reported from application SGM
$#     Unable to break Surface 3 with Curve 6
$# Warning reported from application SGM
$#     Unable to break Surface 3 with Curve 7
$# Warning reported from application SGM
$#     Unable to break Surface 3 with Curve 8
$# No Geometry Created.
uil_viewport_post_groups.posted_groups( "default_viewport", 1, ["Curves"] )
uil_viewport_post_groups.posted_groups( "default_viewport", 2, ["Curves",  @
"Surfaces"] )
STRING sgm_surface_break_c_created_ids[VIRTUAL]
sgm_edit_surface_break_v1( "4", "Surface 1:3", TRUE, 3, 0, 0., "", "",  @
"Curve 1:8", sgm_surface_break_c_created_ids )
$# Warning reported from application SGM
$#     Unable to break Surface 1 with Curve 1
$# Warning reported from application SGM
$#     Unable to break Surface 2 with Curve 2
$# Warning reported from application SGM
$#     Unable to break Surface 3 with Curve 3
$# Warning reported from application SGM
$#     Unable to break Surface 3 with Curve 4
$# Warning reported from application SGM
$#     Unable to break Surface 3 with Curve 5
$# Warning reported from application SGM
$#     Unable to break Surface 3 with Curve 6
$# Warning reported from application SGM
$#     Unable to break Surface 3 with Curve 7
$# Warning reported from application SGM
$#     Unable to break Surface 3 with Curve 8
$# No Geometry Created.
ga_view_center_set( -11.225868, -3.202799 )
ga_view_zoom_set( 123.145264 )
ga_view_center_set( -21.771706, -4.007661 )
ga_view_zoom_set( 109.462456 )
ga_view_center_set( -31.255898, -4.796488 )
ga_view_zoom_set( 97.299957 )
ga_view_center_set( -39.751518, -5.497661 )
ga_view_zoom_set( 86.488853 )
ga_view_center_set( -47.361145, -6.120929 )
ga_view_zoom_set( 76.878983 )
uil_toolbar.shaded_smooth(  )
ga_view_aa_set( -59.329411, -6.651870, 8.914490 )
ga_view_center_set( -54.821007, -8.324100 )
ga_view_zoom_set( 68.336876 )
ga_view_center_set( -61.520744, -10.396993 )
ga_view_zoom_set( 60.743889 )
ga_view_center_set( -67.537125, -12.361733 )
ga_view_zoom_set( 53.994568 )
ga_view_center_set( -72.885017, -14.126262 )
ga_view_zoom_set( 47.995171 )
ga_view_center_set( -77.654808, -15.710826 )
ga_view_zoom_set( 42.662373 )
ga_view_center_set( -82.309288, -16.833336 )
ga_view_zoom_set( 37.922108 )
ga_view_center_set( -86.497452, -17.805700 )
ga_view_zoom_set( 33.708542 )
ga_view_center_set( -90.276779, -18.636135 )
ga_view_zoom_set( 29.963148 )
ga_view_center_set( -96.522522, -19.874432 )
ga_view_zoom_set( 23.970518 )
ga_view_center_set( -99.346611, -20.384619 )
ga_view_zoom_set( 21.307127 )
ga_view_center_set( -96.715385, -19.745890 )
ga_view_zoom_set( 23.970518 )
ga_view_center_set( -93.755257, -19.009245 )
ga_view_zoom_set( 26.966833 )
ga_view_center_set( -90.425095, -18.170349 )
ga_view_zoom_set( 30.337687 )
ga_view_center_set( -86.678673, -17.226587 )
ga_view_zoom_set( 34.129898 )
ga_view_center_set( -82.412453, -16.190594 )
ga_view_zoom_set( 38.396133 )
ga_view_center_set( -80.074265, -13.316681 )
ga_view_zoom_set( 43.195648 )
ga_view_center_set( -77.492645, -9.953228 )
ga_view_zoom_set( 48.595104 )
ga_view_center_set( -74.606651, -6.132690 )
ga_view_zoom_set( 54.669491 )
ga_view_center_set( -76.668098, -3.613146 )
ga_view_zoom_set( 48.595104 )
ga_view_center_set( -78.272499, 0.076073 )
ga_view_zoom_set( 43.195648 )
ga_view_center_set( -80.046082, 3.847645 )
ga_view_zoom_set( 38.396133 )
ga_view_center_set( -81.712677, 7.213020 )
ga_view_zoom_set( 34.129898 )
ga_view_center_set( -83.217003, 10.193026 )
ga_view_zoom_set( 30.337687 )
ga_view_center_set( -86.264503, 12.874458 )
ga_view_zoom_set( 24.270149 )
ga_view_center_set( -87.553871, 13.976723 )
ga_view_zoom_set( 21.573465 )
ga_view_center_set( -88.678291, 14.934826 )
ga_view_zoom_set( 19.176414 )
ga_view_center_set( -89.677765, 15.786472 )
ga_view_zoom_set( 17.045702 )
ga_view_center_set( -90.931854, 17.109112 )
ga_view_zoom_set( 15.151735 )
ga_view_center_set( -92.051689, 18.289869 )
ga_view_zoom_set( 13.468209 )
ga_view_center_set( -93.047096, 19.339430 )
ga_view_zoom_set( 11.971742 )
ga_view_center_set( -93.931900, 20.272375 )
ga_view_zoom_set( 10.641548 )
ga_view_center_set( -94.718391, 21.101658 )
ga_view_zoom_set( 9.459154 )
ga_view_center_set( -95.392128, 21.930742 )
ga_view_zoom_set( 8.408137 )
ga_view_center_set( -95.993843, 22.645161 )
ga_view_zoom_set( 7.473900 )
ga_view_center_set( -96.961075, 23.747652 )
ga_view_zoom_set( 5.979120 )
ga_view_center_set( -97.390961, 24.221619 )
ga_view_zoom_set( 5.314773 )
ga_view_center_set( -97.771301, 24.623322 )
ga_view_zoom_set( 4.724243 )
ga_view_center_set( -98.096718, 24.977230 )
ga_view_zoom_set( 4.199327 )
ga_view_center_set( -98.385986, 25.288996 )
ga_view_zoom_set( 3.732735 )
ga_view_center_set( -98.643112, 25.564873 )
ga_view_zoom_set( 3.317987 )
ga_view_center_set( -98.871666, 25.808983 )
ga_view_zoom_set( 2.949322 )
ga_view_center_set( -99.074814, 26.023008 )
ga_view_zoom_set( 2.621619 )
ga_view_center_set( -99.127724, 26.018566 )
ga_view_zoom_set( 2.949322 )
ga_view_center_set( -99.180565, 26.053602 )
ga_view_zoom_set( 3.317987 )
ga_view_center_set( -99.227509, 26.120539 )
ga_view_zoom_set( 3.732735 )
ga_view_center_set( -99.367577, 26.329563 )
ga_view_zoom_set( 4.199327 )
ga_view_center_set( -99.525139, 26.564711 )
ga_view_zoom_set( 4.724243 )
ga_view_center_set( -99.879654, 27.093788 )
ga_view_zoom_set( 5.905304 )
ga_view_center_set( -100.322800, 27.755131 )
ga_view_zoom_set( 7.381630 )
ga_view_center_set( -100.599762, 28.148985 )
ga_view_zoom_set( 8.304334 )
ga_view_center_set( -100.842476, 28.595203 )
ga_view_zoom_set( 9.342376 )
ga_view_center_set( -101.115517, 29.097200 )
ga_view_zoom_set( 10.510173 )
ga_view_center_set( -101.422676, 29.661951 )
ga_view_zoom_set( 11.823944 )
ga_view_center_set( -102.104851, 30.941544 )
ga_view_zoom_set( 14.779930 )
ga_view_center_set( -102.531197, 31.741293 )
ga_view_zoom_set( 16.627422 )
ga_view_center_set( -103.280449, 33.086159 )
ga_view_zoom_set( 18.705851 )
ga_view_center_set( -104.123367, 34.599136 )
ga_view_zoom_set( 21.044083 )
ga_view_center_set( -105.988144, 38.003326 )
ga_view_zoom_set( 26.305103 )
ga_view_center_set( -107.153656, 40.130943 )
ga_view_zoom_set( 29.593241 )
ga_view_center_set( -108.409027, 42.513359 )
ga_view_zoom_set( 33.292397 )
ga_view_center_set( -109.771126, 45.055485 )
ga_view_zoom_set( 37.453945 )
ga_view_center_set( -111.621246, 52.046326 )
ga_view_zoom_set( 46.817432 )
ga_view_center_set( -113.263031, 60.926102 )
ga_view_zoom_set( 58.521790 )
ga_view_center_set( -113.825760, 66.453896 )
ga_view_zoom_set( 65.837013 )
ga_view_center_set( -112.472801, 71.605171 )
ga_view_zoom_set( 74.066643 )
ga_view_center_set( -99.988762, 67.164536 )
ga_view_zoom_set( 92.583305 )
ga_view_center_set( -92.186226, 64.424042 )
ga_view_zoom_set( 104.156219 )
ga_view_center_set( -74.709099, 58.415054 )
ga_view_zoom_set( 130.195282 )
ga_view_center_set( -63.785896, 54.659409 )
ga_view_zoom_set( 146.469696 )
ga_view_center_set( -66.657860, 47.418159 )
ga_view_zoom_set( 130.195282 )
ga_view_center_set( -68.992531, 40.632381 )
ga_view_zoom_set( 115.729141 )
ga_view_center_set( -70.873886, 34.290260 )
ga_view_zoom_set( 102.870346 )
ga_view_center_set( -80.200714, 34.859184 )
ga_view_zoom_set( 91.440308 )
ga_view_center_set( -88.736420, 35.089054 )
ga_view_zoom_set( 81.280273 )
ga_view_center_set( -96.078491, 35.129925 )
ga_view_zoom_set( 72.249130 )
ga_view_center_set( -101.708786, 34.851437 )
ga_view_zoom_set( 64.221451 )
ga_view_center_set( -104.905342, 34.151863 )
ga_view_zoom_set( 57.085735 )
ga_view_center_set( -106.388237, 33.491753 )
ga_view_zoom_set( 50.742874 )
ga_view_center_set( -106.226669, 32.734909 )
ga_view_zoom_set( 45.104778 )
ga_view_center_set( -106.143532, 31.956329 )
ga_view_zoom_set( 40.093136 )
ga_view_center_set( -106.058899, 30.613846 )
ga_view_zoom_set( 32.074509 )
ga_view_center_set( -105.991188, 29.539862 )
ga_view_zoom_set( 25.659607 )
ga_view_center_set( -105.238678, 29.105539 )
ga_view_zoom_set( 22.808540 )
ga_view_center_set( -104.585045, 28.719475 )
ga_view_zoom_set( 20.274258 )
ga_view_center_set( -104.010849, 28.369511 )
ga_view_zoom_set( 18.021563 )
ga_view_center_set( -103.113853, 27.798698 )
ga_view_zoom_set( 14.417250 )
$# UNDO: Edit Surface Break for Curve 4
ga_view_center_set( -103.018730, 28.035185 )
ga_view_zoom_set( 16.219406 )
ga_view_center_set( -102.923950, 28.301231 )
ga_view_zoom_set( 18.246832 )
ga_view_center_set( -102.765717, 28.899832 )
ga_view_zoom_set( 22.808540 )
ga_view_center_set( -102.666840, 29.248156 )
ga_view_zoom_set( 25.659607 )
ga_view_center_set( -102.545906, 29.620667 )
ga_view_zoom_set( 28.867058 )
ga_view_center_set( -102.028893, 30.355408 )
ga_view_zoom_set( 32.475441 )
ga_view_center_set( -101.434998, 31.169743 )
ga_view_zoom_set( 36.534870 )
ga_view_center_set( -100.766861, 32.044548 )
ga_view_zoom_set( 41.101730 )
ga_view_center_set( -99.906723, 32.889214 )
ga_view_zoom_set( 46.239449 )
ga_view_center_set( -98.799583, 33.769722 )
ga_view_zoom_set( 52.019379 )
ga_view_center_set( -97.475594, 34.760288 )
ga_view_zoom_set( 58.521801 )
ga_view_center_set( -98.093498, 33.652039 )
ga_view_zoom_set( 52.019379 )
ga_view_center_set( -98.642731, 32.666924 )
ga_view_zoom_set( 46.239449 )
ga_view_center_set( -99.130943, 31.791271 )
ga_view_zoom_set( 41.101730 )
ga_view_center_set( -99.564926, 31.012909 )
ga_view_zoom_set( 36.534870 )
ga_view_center_set( -99.950668, 30.321033 )
ga_view_zoom_set( 32.475441 )
ga_view_center_set( -100.293556, 29.706036 )
ga_view_zoom_set( 28.867058 )
ga_view_center_set( -102.704605, 31.170071 )
ga_view_zoom_set( 32.475441 )
ga_view_center_set( -105.417030, 32.817112 )
ga_view_zoom_set( 36.534870 )
uil_viewport_post_groups.posted_groups( "default_viewport", 1, ["Surfaces"] )
ga_view_center_set( -11.728699, 1.116129 )
ga_view_zoom_set( 93.441628 )
ga_view_center_set( -22.142456, 4.013184 )
ga_view_zoom_set( 83.059227 )
ga_view_center_set( -31.343445, 6.616186 )
ga_view_zoom_set( 73.830421 )
ga_view_center_set( -39.373611, 9.053699 )
ga_view_zoom_set( 65.627045 )
ga_view_center_set( -46.401573, 11.308363 )
ga_view_zoom_set( 58.335152 )
ga_view_center_set( -46.782867, 12.823690 )
ga_view_zoom_set( 51.853470 )
ga_view_center_set( -55.043819, 11.484341 )
ga_view_zoom_set( 58.335152 )
$# UNDO: Edit Surface Break for Curve 4
ga_view_center_set( -81.268066, 21.092371 )
ga_view_zoom_set( 32.371868 )
ga_view_center_set( -80.480759, 22.929462 )
ga_view_zoom_set( 36.418350 )
ga_view_center_set( -79.993271, 24.982458 )
ga_view_zoom_set( 40.970642 )
ga_view_center_set( -79.050926, 29.601694 )
ga_view_zoom_set( 51.213303 )
uil_viewport_post_groups.posted_groups( "default_viewport", 2, ["Curves",  @
"Surfaces"] )
uil_viewport_post_groups.posted_groups( "default_viewport", 1, ["Curves"] )
STRING sgm_surface_break_c_created_ids[VIRTUAL]
sgm_edit_surface_break_v1( "4", "Surface 1", TRUE, 3, 0, 0., "", "",  @
"Curve 1:8", sgm_surface_break_c_created_ids )
$# Warning reported from application SGM
$#     Unable to break Surface 1 with Curve 1
$# Warning reported from application SGM
$#     Unable to break Surface 1 with Curve 2
$# Warning reported from application SGM
$#     Unable to break Surface 1 with Curve 3
$# Warning reported from application SGM
$#     Unable to break Surface 1 with Curve 4
$# Warning reported from application SGM
$#     Unable to break Surface 1 with Curve 5
$# Warning reported from application SGM
$#     Unable to break Surface 1 with Curve 6
$# Warning reported from application SGM
$#     Unable to break Surface 1 with Curve 7
$# Warning reported from application SGM
$#     Unable to break Surface 1 with Curve 8
$# No Geometry Created.
uil_viewport_post_groups.posted_groups( "default_viewport", 2, ["Curves",  @
"Surfaces"] )
sgm_edit_surface_break_v1( "4", "Surface 1", TRUE, 3, 0, 0., "", "",  @
"Curve 1:8", sgm_surface_break_c_created_ids )
$# Warning reported from application SGM
$#     Unable to break Surface 1 with Curve 1
$# Warning reported from application SGM
$#     Unable to break Surface 1 with Curve 2
$# Warning reported from application SGM
$#     Unable to break Surface 1 with Curve 3
$# Warning reported from application SGM
$#     Unable to break Surface 1 with Curve 4
$# Warning reported from application SGM
$#     Unable to break Surface 1 with Curve 5
$# Warning reported from application SGM
$#     Unable to break Surface 1 with Curve 6
$# Warning reported from application SGM
$#     Unable to break Surface 1 with Curve 7
$# Warning reported from application SGM
$#     Unable to break Surface 1 with Curve 8
$# No Geometry Created.
sgm_edit_surface_break_v1( "4", "Surface 1", TRUE, 3, 0, 0., "", "",  @
"Curve 1:8", sgm_surface_break_c_created_ids )
$# Warning reported from application SGM
$#     Unable to break Surface 1 with Curve 1
$# Warning reported from application SGM
$#     Unable to break Surface 1 with Curve 2
$# Warning reported from application SGM
$#     Unable to break Surface 1 with Curve 3
$# Warning reported from application SGM
$#     Unable to break Surface 1 with Curve 4
$# Warning reported from application SGM
$#     Unable to break Surface 1 with Curve 5
$# Warning reported from application SGM
$#     Unable to break Surface 1 with Curve 6
$# Warning reported from application SGM
$#     Unable to break Surface 1 with Curve 7
$# Warning reported from application SGM
$#     Unable to break Surface 1 with Curve 8
$# No Geometry Created.
sgm_edit_surface_break_v1( "4", "Surface 1", TRUE, 3, 0, 0., "", "",  @
"Curve 1:8", sgm_surface_break_c_created_ids )
$# Warning reported from application SGM
$#     Unable to break Surface 1 with Curve 1
$# Warning reported from application SGM
$#     Unable to break Surface 1 with Curve 2
$# Warning reported from application SGM
$#     Unable to break Surface 1 with Curve 3
$# Warning reported from application SGM
$#     Unable to break Surface 1 with Curve 4
$# Warning reported from application SGM
$#     Unable to break Surface 1 with Curve 5
$# Warning reported from application SGM
$#     Unable to break Surface 1 with Curve 6
$# Warning reported from application SGM
$#     Unable to break Surface 1 with Curve 7
$# Warning reported from application SGM
$#     Unable to break Surface 1 with Curve 8
$# No Geometry Created.
sgm_edit_surface_break_v1( "4", "Surface 1", TRUE, 3, 0, 0., "", "",  @
"Curve 1:8", sgm_surface_break_c_created_ids )
$# Warning reported from application SGM
$#     Unable to break Surface 1 with Curve 1
$# Warning reported from application SGM
$#     Unable to break Surface 1 with Curve 2
$# Warning reported from application SGM
$#     Unable to break Surface 1 with Curve 3
$# Warning reported from application SGM
$#     Unable to break Surface 1 with Curve 4
$# Warning reported from application SGM
$#     Unable to break Surface 1 with Curve 5
$# Warning reported from application SGM
$#     Unable to break Surface 1 with Curve 6
$# Warning reported from application SGM
$#     Unable to break Surface 1 with Curve 7
$# Warning reported from application SGM
$#     Unable to break Surface 1 with Curve 8
$# No Geometry Created.
ga_view_aa_set( -57.237785, -7.925695, -17.911592 )
ga_view_center_set( -10.476425, -5.839336 )
ga_view_zoom_set( 93.586922 )
ga_view_center_set( -20.314804, -9.257633 )
ga_view_zoom_set( 83.188377 )
ga_view_center_set( -29.391991, -12.296139 )
ga_view_zoom_set( 73.945221 )
ga_view_center_set( -37.846413, -15.042423 )
ga_view_zoom_set( 65.729088 )
ga_view_center_set( -45.583374, -17.544090 )
ga_view_zoom_set( 58.425858 )
ga_view_center_set( -52.855202, -19.821587 )
ga_view_zoom_set( 51.934097 )
ga_view_center_set( -59.414680, -22.260475 )
ga_view_zoom_set( 46.163643 )
ga_view_center_set( -65.245354, -24.527565 )
ga_view_zoom_set( 41.034348 )
ga_view_center_set( -70.428169, -26.580540 )
ga_view_zoom_set( 36.474976 )
ga_view_center_set( -65.308311, -23.998581 )
ga_view_zoom_set( 41.034348 )
ga_view_center_set( -59.548477, -21.108040 )
ga_view_zoom_set( 46.163643 )
ga_view_center_set( -53.068657, -17.856178 )
ga_view_zoom_set( 51.934097 )
ga_view_center_set( -45.778885, -14.197834 )
ga_view_zoom_set( 58.425858 )
ga_view_center_set( -37.577866, -10.082195 )
ga_view_zoom_set( 65.729088 )
ga_view_aa_set( -66.618004, -4.052540, -12.032141 )
$# Question from application MBT
$#     Do you want to copy Surfaces to default_group ?
$? NO 74000003 
uil_viewport_post_groups.posted_groups( "default_viewport", 3, ["Curves",  @
"Cutted", "Surfaces"] )
uil_viewport_post_groups.posted_groups( "default_viewport", 2, ["Cutted",  @
"Surfaces"] )
ga_group_current_set("Cutted")
uil_viewport_post_groups.posted_groups( "default_viewport", 1, ["Cutted"] )
uil_file_import_step203.p3_step203_import(  @
"C:\Users\Usuario\Desktop\MuE_Patran\Cono\Optimizacion\01\CAD\Cone_Vertica" // @
"l_Cutter.stp" )
p3_express_options_file( "express.opt", FALSE, 1, 1, 52054, TRUE, [1., 0., 0., @
 0., 0., 1., 0., 0., 0., 0., 1., 0.], 0, ["0"], [[-1]], [[-1]], [[-1]], FALSE, @
 [0], TRUE, [0], TRUE, [0], 3, 1, 3 )
p3_express_import( "express.opt", "Cone_Vertical_Cutter.exp", FALSE, TRUE,  @
FALSE, TRUE, uil_file_import_s_express_count )
p3_express_import_exit( TRUE, TRUE )
uil_file_import_step203.import_cc1_data(  @
"C:\Users\Usuario\Desktop\MuE_Patran\Cono\Optimizacion\01\CAD\Cone_Vertica" // @
"l_Cutter.stp" )
uil_toolbar.model_center(  )
ga_view_aa_set( -59.393654, -20.251427, -29.376669 )
ga_view_aa_set( -49.697884, -21.042980, 3.281512 )
ga_view_center_set( 0.073818, 20.485947 )
ga_view_zoom_set( 265.771729 )
ga_view_center_set( 0.119778, 44.163162 )
ga_view_zoom_set( 298.993195 )
ga_view_center_set( 0.068195, 70.696732 )
ga_view_zoom_set( 336.367340 )
ga_view_center_set( 0.010090, 100.082474 )
ga_view_zoom_set( 378.413269 )
ga_view_center_set( -55.567181, 90.790550 )
ga_view_zoom_set( 336.367340 )
ga_view_center_set( -105.795273, 83.356995 )
ga_view_zoom_set( 298.993195 )
ga_view_center_set( -150.993088, 77.391777 )
ga_view_zoom_set( 265.771729 )
ga_view_center_set( -191.250412, 72.252548 )
ga_view_zoom_set( 236.241531 )
ga_view_center_set( -175.841797, 61.448387 )
ga_view_zoom_set( 209.992477 )
ga_view_center_set( -160.082703, 51.071213 )
ga_view_zoom_set( 186.659973 )
ga_view_center_set( -188.474915, 64.219910 )
ga_view_zoom_set( 209.992462 )
ga_view_center_set( -226.289490, 79.809830 )
ga_view_zoom_set( 236.241516 )
ga_view_center_set( -269.646667, 97.430054 )
ga_view_zoom_set( 265.771698 )
ga_view_center_set( -316.863342, 117.252815 )
ga_view_zoom_set( 298.993164 )
ga_view_center_set( -334.879395, 107.960854 )
ga_view_zoom_set( 336.367310 )
ga_view_center_set( -375.183105, 83.569588 )
ga_view_zoom_set( 420.459137 )
ga_view_center_set( -400.372925, 68.325050 )
ga_view_zoom_set( 473.016541 )
ga_view_center_set( -428.221313, 51.338295 )
ga_view_zoom_set( 532.143616 )
ga_view_center_set( -368.196045, 30.104820 )
ga_view_zoom_set( 473.016541 )
ga_view_center_set( -301.918579, 10.940254 )
ga_view_zoom_set( 420.459137 )
ga_view_center_set( -240.295242, -6.482079 )
ga_view_zoom_set( 373.741455 )
ga_view_center_set( -185.518799, -21.739159 )
ga_view_zoom_set( 332.214630 )
ga_view_center_set( -137.032455, -35.097054 )
ga_view_zoom_set( 295.301880 )
ga_view_center_set( -94.386810, -46.608192 )
ga_view_zoom_set( 262.490570 )
ga_view_center_set( -58.574188, -55.792915 )
ga_view_zoom_set( 233.324951 )
ga_view_center_set( -39.416924, -58.872406 )
ga_view_zoom_set( 207.399963 )
ga_view_center_set( -23.279465, -60.463852 )
ga_view_zoom_set( 184.355530 )
ga_view_center_set( -9.557442, -61.425789 )
ga_view_zoom_set( 163.871582 )
ga_view_center_set( 2.388359, -61.928772 )
ga_view_zoom_set( 145.663635 )
uil_viewport_post_groups.posted_groups( "default_viewport", 3, ["Curves",  @
"Cutted", "default_group"] )
uil_viewport_post_groups.posted_groups( "default_viewport", 4, ["Curves",  @
"Cutted", "Surfaces", "default_group"] )
uil_viewport_post_groups.posted_groups( "default_viewport", 3, ["Cutted",  @
"Surfaces", "default_group"] )
ga_view_aa_set( -62.455074, -4.850373, 27.902372 )
uil_viewport_post_groups.posted_groups( "default_viewport", 2, ["Cutted",  @
"default_group"] )
uil_viewport_post_groups.posted_groups( "default_viewport", 3, ["Cutted",  @
"Surfaces", "default_group"] )
uil_viewport_post_groups.posted_groups( "default_viewport", 2, ["Cutted",  @
"Surfaces"] )
uil_viewport_post_groups.posted_groups( "default_viewport", 1, ["Cutted"] )
uil_viewport_post_groups.posted_groups( "default_viewport", 2, ["Cutted",  @
"Surfaces"] )
uil_viewport_post_groups.posted_groups( "default_viewport", 1, ["Surfaces"] )
STRING sgm_surface_break_s_created_ids[VIRTUAL]
sgm_edit_surface_break_v1( "12", "Surface 4:11", TRUE, 4, 0, 0., "", "",  @
"Surface 1:3", sgm_surface_break_s_created_ids )
$# Error reported from application SGM
$#     This application only works with one surface per surface at a time.  
$# Please adjust the input accordingly.
$? NO 38000435 
ga_view_aa_set( -71.664505, -4.952150, 24.683067 )
ga_view_center_set( -3.697151, -24.594818 )
ga_view_zoom_set( 225.527222 )
ga_view_center_set( -9.269554, -37.954773 )
ga_view_zoom_set( 200.468643 )
ga_view_center_set( -14.099739, -50.014893 )
ga_view_zoom_set( 178.194351 )
ga_view_center_set( -17.572865, -61.828888 )
ga_view_zoom_set( 158.394974 )
ga_view_center_set( -19.590469, -73.837341 )
ga_view_zoom_set( 140.795532 )
ga_view_center_set( -8.981071, -84.770828 )
ga_view_zoom_set( 125.151581 )
ga_view_center_set( 2.370140, -94.796783 )
ga_view_zoom_set( 111.245850 )
ga_view_center_set( -8.135979, -84.501938 )
ga_view_zoom_set( 125.151581 )
ga_view_center_set( 0.103722, -94.719955 )
ga_view_zoom_set( 111.245850 )
ga_view_center_set( 4.798706, -103.392883 )
ga_view_zoom_set( 98.885201 )
ga_view_center_set( 8.304310, -110.980759 )
ga_view_zoom_set( 87.897957 )
ga_view_center_set( 11.258507, -117.698563 )
ga_view_zoom_set( 78.131516 )
ga_view_center_set( 17.531136, -113.705643 )
ga_view_zoom_set( 87.897957 )
ga_view_center_set( 25.103817, -109.577835 )
ga_view_zoom_set( 98.885201 )
uil_viewport_post_groups.posted_groups( "default_viewport", 2, ["Cutted",  @
"Surfaces"] )
ga_view_center_set( 5.623102, -23.630417 )
ga_view_zoom_set( 211.270813 )
ga_view_center_set( 8.768213, -39.258484 )
ga_view_zoom_set( 187.796280 )
ga_view_center_set( 11.102659, -52.343109 )
ga_view_zoom_set( 166.930023 )
ga_view_center_set( 10.410975, -59.208855 )
ga_view_zoom_set( 148.382248 )
ga_view_center_set( 9.750571, -65.175102 )
ga_view_zoom_set( 131.895325 )
ga_view_center_set( 9.163563, -70.437973 )
ga_view_zoom_set( 117.240288 )
ga_view_aa_set( -47.326042, 2.132463, 35.536797 )
ga_view_center_set( 21.128719, -76.231598 )
ga_view_zoom_set( 104.213593 )
ga_view_center_set( 33.875561, -81.669373 )
ga_view_zoom_set( 92.634308 )
ga_view_center_set( 45.746288, -86.673546 )
ga_view_zoom_set( 82.341606 )
ga_view_center_set( 56.373882, -91.146980 )
ga_view_zoom_set( 73.192535 )
ga_view_center_set( 65.820679, -95.123352 )
ga_view_zoom_set( 65.060028 )
ga_view_center_set( 74.217819, -98.657913 )
ga_view_zoom_set( 57.831135 )
ga_view_center_set( 79.782654, -101.462471 )
ga_view_zoom_set( 51.405453 )
ga_view_center_set( 84.382042, -103.955421 )
ga_view_zoom_set( 45.693737 )
ga_view_center_set( 88.217926, -106.171371 )
ga_view_zoom_set( 40.616653 )
ga_view_center_set( 91.590202, -108.141121 )
ga_view_zoom_set( 36.103691 )
ga_view_center_set( 94.576721, -109.891998 )
ga_view_zoom_set( 32.092171 )
ga_view_center_set( 97.132889, -111.418777 )
ga_view_zoom_set( 28.526375 )
$# UNDO: Edit Surface Break for Surface 2
$# UNDO: Edit Surface Break for Surface 11
ga_view_aa_set( -64.882988, -6.725553, -2.609702 )
ga_view_aa_set( -60.687344, -5.856846, -0.795331 )
ga_view_center_set( 11.876297, -20.469284 )
ga_view_zoom_set( 236.830597 )
ga_view_center_set( 22.380295, -28.538071 )
ga_view_zoom_set( 210.516083 )
ga_view_center_set( 31.458694, -36.033424 )
ga_view_zoom_set( 187.125412 )
ga_view_center_set( 39.356117, -42.868279 )
ga_view_zoom_set( 166.333694 )
ga_view_center_set( 46.375999, -48.943680 )
ga_view_zoom_set( 147.852173 )
ga_view_center_set( 52.389023, -54.344063 )
ga_view_zoom_set( 131.424149 )
ga_view_center_set( 59.904152, -62.839447 )
ga_view_zoom_set( 105.139320 )
ga_view_center_set( 63.179672, -66.615158 )
ga_view_zoom_set( 93.457176 )
ga_view_center_set( 59.936432, -62.839424 )
ga_view_zoom_set( 105.139320 )
ga_view_center_set( 56.287773, -58.591751 )
ga_view_zoom_set( 118.281738 )
ga_view_center_set( 52.183022, -53.813103 )
ga_view_zoom_set( 133.066956 )
ga_view_center_set( 47.565193, -48.437126 )
ga_view_zoom_set( 149.700317 )
uil_viewport_post_groups.posted_groups( "default_viewport", 1, ["Cutted"] )
uil_viewport_post_groups.posted_groups( "default_viewport", 0, ["empty"] )
$# Warning reported from application Group Applications
$#     There are no groups posted to the viewport.
uil_viewport_post_groups.posted_groups( "default_viewport", 1, ["Cutted"] )
uil_viewport_post_groups.posted_groups( "default_viewport", 0, ["empty"] )
$# Warning reported from application Group Applications
$#     There are no groups posted to the viewport.
uil_viewport_post_groups.posted_groups( "default_viewport", 1, ["Surfaces"] )
ga_view_aa_set( -60.520741, -4.921071, 0.980027 )
$# Question from application MBT
$#     Do you want to copy default_group to Cutted ?
$? YES 74000003 
$# Warning reported from application Group Applications
$#     No group members were selected for a Move/Copy operation.
$# Model Browser Tree: Copy group operation performed successfully...
uil_viewport_post_groups.posted_groups( "default_viewport", 0, ["empty"] )
$# Warning reported from application Group Applications
$#     There are no groups posted to the viewport.
uil_viewport_post_groups.posted_groups( "default_viewport", 1, ["Cutted"] )
uil_viewport_post_groups.posted_groups( "default_viewport", 2, ["Cutted",  @
"Surfaces"] )
STRING sgm_surface_break_s_created_ids[VIRTUAL]
sgm_edit_surface_break_v1( "12", "Surface 1:3", TRUE, 4, 0, 0., "", "",  @
"Surface 4:11", sgm_surface_break_s_created_ids )
$# Error reported from application SGM
$#     This application only works with one surface per surface at a time.  
$# Please adjust the input accordingly.
$? NO 38000435 
ga_view_aa_set( -66.121437, -1.239928, 10.173988 )
ga_view_center_set( -4.347374, -18.385765 )
ga_view_zoom_set( 220.663071 )
ga_view_center_set( -8.715931, -32.879875 )
ga_view_zoom_set( 196.144958 )
ga_view_center_set( -12.599079, -46.184975 )
ga_view_zoom_set( 174.351074 )
ga_view_center_set( -16.264809, -58.279320 )
ga_view_zoom_set( 154.978729 )
ga_view_center_set( -23.071888, -77.630257 )
ga_view_zoom_set( 123.982986 )
ga_view_center_set( -29.674404, -85.507637 )
ga_view_zoom_set( 110.207100 )
ga_view_center_set( -37.133167, -92.374428 )
ga_view_zoom_set( 97.961868 )
ga_view_center_set( -44.154057, -98.418114 )
ga_view_zoom_set( 87.077217 )
ga_view_center_set( -63.933399, -110.882713 )
ga_view_zoom_set( 63.328884 )
ga_view_center_set( -70.474258, -113.798409 )
ga_view_zoom_set( 56.292343 )
ga_view_center_set( -80.939644, -118.463539 )
ga_view_zoom_set( 45.033875 )
ga_view_center_set( -89.311966, -122.195625 )
ga_view_zoom_set( 36.027100 )
ga_view_center_set( -96.009819, -125.181297 )
ga_view_zoom_set( 28.821680 )
ga_view_center_set( -98.075455, -126.605583 )
ga_view_zoom_set( 25.619270 )
ga_view_center_set( -99.911583, -127.871605 )
ga_view_zoom_set( 22.772684 )
ga_view_center_set( -102.849358, -129.909821 )
ga_view_zoom_set( 18.218147 )
ga_view_center_set( -104.155037, -130.815689 )
ga_view_zoom_set( 16.193909 )
ga_view_center_set( -105.315628, -131.620895 )
ga_view_zoom_set( 14.394586 )
ga_view_center_set( -104.403526, -130.795807 )
ga_view_zoom_set( 16.193909 )
ga_view_center_set( -103.388588, -129.856400 )
ga_view_zoom_set( 18.218147 )
ga_view_center_set( -102.271942, -128.799561 )
ga_view_zoom_set( 20.495415 )
ga_view_center_set( -99.802017, -126.421646 )
ga_view_zoom_set( 25.619268 )
ga_view_center_set( -98.267151, -124.935455 )
ga_view_zoom_set( 28.821676 )
ga_view_center_set( -98.481117, -123.681473 )
ga_view_zoom_set( 32.424385 )
ga_view_center_set( -99.606346, -119.919540 )
ga_view_zoom_set( 44.583530 )
ga_view_center_set( -100.137444, -118.210709 )
ga_view_zoom_set( 50.156471 )
ga_view_center_set( -100.734955, -116.305603 )
ga_view_zoom_set( 56.426029 )
uil_viewport_post_groups.posted_groups( "default_viewport", 1, ["Surfaces"] )
uil_viewport_post_groups.posted_groups( "default_viewport", 0, ["empty"] )
$# Warning reported from application Group Applications
$#     There are no groups posted to the viewport.
uil_viewport_post_groups.posted_groups( "default_viewport", 1, ["Curves"] )
uil_viewport_post_groups.posted_groups( "default_viewport", 2, ["Curves",  @
"Cutted"] )
$# Model tree: Select valid source group item
uil_viewport_post_groups.posted_groups( "default_viewport", 1, ["Curves"] )
uil_viewport_post_groups.posted_groups( "default_viewport", 2, ["Curves",  @
"Surfaces"] )
ga_view_aa_set( -43.149445, -2.392641, 9.734815 )
ga_view_center_set( -11.188843, 0.479606 )
ga_view_zoom_set( 90.600174 )
ga_view_center_set( -21.630936, 1.925647 )
ga_view_zoom_set( 80.533485 )
ga_view_center_set( -30.962227, 3.260453 )
ga_view_zoom_set( 71.585320 )
ga_view_center_set( -39.256706, 4.446953 )
ga_view_zoom_set( 63.631393 )
ga_view_center_set( -46.649101, 5.501610 )
ga_view_zoom_set( 56.561237 )
ga_view_center_set( -38.670753, 4.427418 )
ga_view_zoom_set( 63.631393 )
ga_view_center_set( -29.695107, 3.153027 )
ga_view_zoom_set( 71.585320 )
ga_view_aa_set( -46.298714, 4.658392, 16.829149 )
ga_view_center_set( -72.646309, -28.344517 )
ga_view_center_set( -78.655693, -27.267895 )
ga_view_zoom_set( 63.631393 )
ga_view_center_set( -83.938759, -26.174177 )
ga_view_zoom_set( 56.561237 )
ga_view_center_set( -88.634834, -25.184605 )
ga_view_zoom_set( 50.276657 )
ga_view_center_set( -92.809120, -24.304989 )
ga_view_zoom_set( 44.690361 )
ga_view_center_set( -96.519615, -23.509394 )
ga_view_zoom_set( 39.724766 )
ga_view_center_set( -99.817833, -22.802204 )
ga_view_zoom_set( 35.310902 )
ga_view_center_set( -101.871674, -22.184423 )
ga_view_zoom_set( 31.387468 )
ga_view_center_set( -103.658775, -21.635288 )
ga_view_zoom_set( 27.899971 )
ga_view_center_set( -105.247307, -21.147167 )
ga_view_zoom_set( 24.799974 )
ga_view_center_set( -107.775253, -20.366179 )
ga_view_zoom_set( 19.839979 )
ga_view_aa_set( 66.177238, 0.702491, 29.492889 )
STRING sgm_surface_break_c_created_ids[VIRTUAL]
sgm_edit_surface_break_v1( "12", "Surface 1", TRUE, 3, 0, 0., "", "",  @
"Curve 5", sgm_surface_break_c_created_ids )
$# Warning reported from application SGM
$#     Unable to break Surface 1 with Curve 5
$# No Geometry Created.
ga_view_center_set( -106.476997, -19.783859 )
ga_view_zoom_set( 22.319977 )
ga_view_center_set( -105.016487, -19.128756 )
ga_view_zoom_set( 25.109974 )
ga_view_center_set( -103.408081, -18.547831 )
ga_view_zoom_set( 28.248720 )
ga_view_center_set( -101.598618, -17.923553 )
ga_view_zoom_set( 31.779810 )
ga_view_center_set( -99.145973, -17.210262 )
ga_view_zoom_set( 35.752285 )
ga_view_center_set( -96.300346, -16.753485 )
ga_view_zoom_set( 40.221321 )
ga_view_center_set( -93.057358, -16.239609 )
ga_view_zoom_set( 45.248985 )
ga_view_center_set( -89.502739, -15.786501 )
ga_view_zoom_set( 50.905109 )
ga_view_center_set( -93.119835, -12.255337 )
ga_view_zoom_set( 45.248985 )
ga_view_center_set( -96.335030, -9.255411 )
ga_view_zoom_set( 40.221321 )
ga_view_center_set( -99.192978, -6.736946 )
ga_view_zoom_set( 35.752285 )
ga_view_center_set( -101.733383, -4.575134 )
ga_view_zoom_set( 31.779808 )
ga_view_center_set( -103.991508, -2.692539 )
ga_view_zoom_set( 28.248718 )
ga_view_center_set( -105.998726, -1.045134 )
ga_view_zoom_set( 25.109972 )
ga_view_center_set( -107.929367, 0.249666 )
ga_view_zoom_set( 22.319975 )
ga_view_center_set( -109.645493, 1.400602 )
ga_view_zoom_set( 19.839977 )
ga_view_center_set( -111.170937, 2.429743 )
ga_view_zoom_set( 17.635536 )
ga_view_center_set( -112.532280, 3.366189 )
ga_view_zoom_set( 15.676032 )
ga_view_center_set( -113.747185, 4.208211 )
ga_view_zoom_set( 13.934251 )
$# UNDO: Edit Surface Break for Curve 4
ga_view_center_set( -13.016060, -1.763148 )
ga_view_zoom_set( 105.052437 )
ga_view_center_set( -25.349564, -1.247236 )
ga_view_zoom_set( 93.379944 )
ga_view_center_set( -36.312675, -0.788659 )
ga_view_zoom_set( 83.004395 )
ga_view_center_set( -46.057640, -0.381022 )
ga_view_zoom_set( 73.781685 )
ga_view_center_set( -54.719841, -0.018681 )
ga_view_zoom_set( 65.583717 )
ga_view_center_set( -62.399437, 0.323519 )
ga_view_zoom_set( 58.296638 )
ga_view_center_set( -68.975235, 1.468692 )
ga_view_zoom_set( 51.819233 )
ga_view_center_set( -74.820396, 2.486624 )
ga_view_zoom_set( 46.061539 )
ga_view_center_set( -80.016090, 3.391457 )
ga_view_zoom_set( 40.943588 )
ga_view_center_set( -84.634483, 4.195748 )
ga_view_zoom_set( 36.394302 )
ga_view_center_set( -88.739708, 4.910676 )
ga_view_zoom_set( 32.350491 )
ga_view_center_set( -92.398735, 5.546165 )
ga_view_zoom_set( 28.755991 )
ga_view_center_set( -95.977783, 6.119870 )
ga_view_zoom_set( 25.560881 )
ga_view_center_set( -99.151291, 6.629832 )
ga_view_zoom_set( 22.720783 )
ga_view_center_set( -101.958252, 7.076157 )
ga_view_zoom_set( 20.196251 )
ga_view_center_set( -104.453316, 7.466692 )
ga_view_zoom_set( 17.952223 )
ga_view_center_set( -106.665649, 7.808321 )
ga_view_zoom_set( 15.957531 )
ga_view_center_set( -106.762070, 7.604445 )
ga_view_zoom_set( 17.952223 )
ga_view_center_set( -106.913940, 7.294493 )
ga_view_zoom_set( 20.196251 )
ga_view_center_set( -107.119644, 6.896982 )
ga_view_zoom_set( 22.720783 )
ga_view_center_set( -107.613884, 5.908438 )
ga_view_zoom_set( 28.400978 )
ga_view_center_set( -108.133659, 4.496231 )
ga_view_zoom_set( 35.501221 )
ga_view_center_set( -108.274620, 3.503275 )
ga_view_zoom_set( 39.938873 )
ga_view_center_set( -109.053787, 2.000048 )
ga_view_zoom_set( 44.931232 )
ga_view_center_set( -109.976929, 0.277889 )
ga_view_zoom_set( 50.547638 )
ga_view_center_set( -111.120178, -1.659542 )
ga_view_zoom_set( 56.866093 )
ga_view_center_set( -113.967415, -6.136574 )
ga_view_zoom_set( 71.082619 )
ga_view_center_set( -115.796043, -8.959270 )
ga_view_zoom_set( 79.967949 )
ga_view_center_set( -109.696579, -2.822979 )
ga_view_zoom_set( 71.082619 )
ga_view_center_set( -104.274826, 2.500580 )
ga_view_zoom_set( 63.184551 )
ga_view_center_set( -99.455490, 7.155056 )
ga_view_zoom_set( 56.164047 )
ga_view_center_set( -91.744576, 14.509132 )
ga_view_zoom_set( 44.931236 )
ga_view_center_set( -88.317482, 17.777611 )
ga_view_zoom_set( 39.938877 )
ga_view_center_set( -85.087296, 20.768734 )
ga_view_zoom_set( 35.501225 )
ga_view_center_set( -82.216034, 23.438404 )
ga_view_zoom_set( 31.556644 )
ga_view_center_set( -79.683167, 25.811443 )
ga_view_zoom_set( 28.050350 )
ga_view_center_set( -74.262566, 30.988987 )
ga_view_zoom_set( 20.400255 )
ga_view_center_set( -71.322739, 32.097286 )
ga_view_zoom_set( 18.133560 )
ga_view_center_set( -68.659485, 32.998947 )
ga_view_zoom_set( 16.118721 )
ga_view_center_set( -66.272339, 33.750950 )
ga_view_zoom_set( 14.327752 )
ga_view_center_set( -60.999271, 35.305336 )
ga_view_zoom_set( 10.420183 )
$# UNDO: Edit Surface Break for Curve 4 3
ga_view_center_set( -3.838482, -0.529800 )
ga_view_zoom_set( 105.052437 )
ga_view_center_set( -8.110855, 1.017944 )
ga_view_zoom_set( 93.379944 )
ga_view_center_set( -11.937199, 2.336378 )
ga_view_zoom_set( 83.004395 )
ga_view_center_set( -18.059338, 4.400030 )
ga_view_zoom_set( 66.403519 )
ga_view_center_set( -20.780285, 5.317205 )
ga_view_zoom_set( 59.025349 )
ga_view_center_set( -18.941410, 8.415220 )
ga_view_zoom_set( 52.466976 )
ga_view_center_set( -17.306850, 11.169004 )
ga_view_zoom_set( 46.637314 )
ga_view_center_set( -15.810969, 13.631134 )
ga_view_zoom_set( 41.455391 )
ga_view_center_set( -14.379496, 15.845146 )
ga_view_zoom_set( 36.849236 )
ga_view_center_set( -11.580179, 19.489349 )
ga_view_zoom_set( 29.479389 )
ga_view_center_set( -12.766069, 18.064238 )
ga_view_zoom_set( 33.164314 )
ga_view_center_set( -14.042947, 16.460989 )
ga_view_zoom_set( 37.309853 )
ga_view_center_set( -15.440758, 14.695990 )
ga_view_zoom_set( 41.973583 )
ga_view_center_set( -16.969849, 12.710363 )
ga_view_zoom_set( 47.220280 )
ga_view_center_set( -18.282431, 10.378696 )
ga_view_zoom_set( 53.122814 )
ga_view_center_set( -16.255465, 9.736670 )
ga_view_zoom_set( 59.763165 )
ga_view_center_set( -13.954504, 9.138205 )
ga_view_zoom_set( 67.233559 )
ga_view_center_set( -11.296274, 8.673885 )
ga_view_zoom_set( 75.637756 )
ga_view_center_set( -8.253508, 8.229885 )
ga_view_zoom_set( 85.092476 )
ga_view_center_set( -4.771662, 7.759752 )
ga_view_zoom_set( 95.729034 )
ga_view_center_set( -0.702148, 12.549143 )
ga_view_zoom_set( 85.092476 )
ga_view_center_set( 3.515896, 16.728029 )
ga_view_zoom_set( 75.637756 )
ga_view_center_set( 7.358147, 20.419371 )
ga_view_zoom_set( 67.233559 )
ga_view_center_set( 10.773487, 23.700563 )
ga_view_zoom_set( 59.763165 )
ga_view_center_set( 13.809334, 26.617178 )
ga_view_zoom_set( 53.122814 )
ga_view_center_set( 16.507870, 29.209726 )
ga_view_zoom_set( 47.220280 )
ga_view_center_set( 18.645687, 31.543207 )
ga_view_zoom_set( 41.973583 )
ga_view_center_set( 20.533062, 33.617401 )
ga_view_zoom_set( 37.309853 )
ga_view_center_set( 23.552898, 36.936119 )
ga_view_zoom_set( 29.847881 )
ga_view_center_set( 25.952271, 39.591095 )
ga_view_zoom_set( 23.878305 )
ga_view_center_set( 26.894062, 40.756424 )
ga_view_zoom_set( 21.225161 )
ga_view_center_set( 27.724689, 41.785759 )
ga_view_zoom_set( 18.866810 )
ga_view_center_set( 27.304844, 42.637020 )
ga_view_zoom_set( 16.770498 )
ga_view_center_set( 28.853910, 41.791546 )
ga_view_zoom_set( 18.866810 )
ga_view_center_set( 30.616161, 40.827362 )
ga_view_zoom_set( 21.225161 )
ga_view_center_set( 32.598690, 39.742653 )
ga_view_zoom_set( 23.878305 )
ga_view_center_set( 34.837280, 38.522350 )
ga_view_zoom_set( 26.863094 )
ga_view_center_set( 37.411350, 37.158787 )
ga_view_zoom_set( 30.220982 )
ga_view_center_set( 40.328617, 37.668961 )
ga_view_zoom_set( 26.863094 )
ga_view_center_set( 42.888771, 38.188412 )
ga_view_zoom_set( 23.878305 )
ga_view_center_set( 45.157131, 38.664810 )
ga_view_zoom_set( 21.225161 )
ga_view_center_set( 47.140873, 39.146904 )
ga_view_zoom_set( 18.866810 )
ga_view_center_set( 48.811546, 39.656506 )
ga_view_zoom_set( 16.770498 )
ga_view_center_set( 45.916088, 40.855865 )
ga_view_zoom_set( 14.907109 )
ga_view_center_set( 43.383522, 41.940266 )
ga_view_zoom_set( 13.250764 )
ga_view_center_set( 41.303173, 42.924515 )
ga_view_zoom_set( 11.778457 )
ga_view_center_set( 39.616661, 43.824703 )
ga_view_zoom_set( 10.469739 )
ga_view_center_set( 37.606586, 45.467464 )
ga_view_zoom_set( 8.375792 )
ga_view_center_set( 36.990871, 46.058758 )
ga_view_zoom_set( 7.445148 )
ga_view_center_set( 35.821369, 47.259106 )
ga_view_zoom_set( 5.414653 )
ga_view_center_set( 35.479836, 47.613106 )
ga_view_zoom_set( 4.813025 )
ga_view_center_set( 35.176250, 47.926289 )
ga_view_zoom_set( 4.278244 )
sgm_edit_surface_break_v1( "12", "Surface 1 3", TRUE, 3, 0, 0., "", "",  @
"Curve 4:2:-1", sgm_surface_break_c_created_ids )
$# Question from application SGM
$#     Do you wish to delete the original surfaces?
$? NO 38000219 
$# Warning reported from application SGM
$#     Unable to break Surface 3 with Curve 3
$# Warning reported from application SGM
$#     Unable to break Surface 3 with Curve 2
$# 2 Surfaces Created: Surfaces 12,13
ga_view_center_set( 35.261192, 47.858334 )
ga_view_zoom_set( 4.813025 )
ga_view_center_set( 35.356750, 47.781883 )
ga_view_zoom_set( 5.414653 )
ga_view_center_set( 35.464260, 47.695881 )
ga_view_zoom_set( 6.091485 )
ga_view_center_set( 35.685116, 47.502369 )
ga_view_zoom_set( 7.614356 )
ga_view_center_set( 35.817894, 47.381420 )
ga_view_zoom_set( 8.566151 )
ga_view_center_set( 35.958393, 47.180279 )
ga_view_zoom_set( 9.636919 )
ga_view_center_set( 36.116455, 46.957325 )
ga_view_zoom_set( 10.841534 )
ga_view_center_set( 36.294277, 46.725220 )
ga_view_zoom_set( 12.196726 )
ga_view_center_set( 36.677528, 46.228252 )
ga_view_zoom_set( 15.245907 )
ga_view_center_set( 36.911797, 45.922909 )
ga_view_zoom_set( 17.151646 )
ga_view_center_set( 37.175350, 45.579399 )
ga_view_zoom_set( 19.295601 )
ga_view_center_set( 37.358574, 45.239594 )
ga_view_zoom_set( 21.707550 )
ga_view_center_set( 37.740852, 44.475033 )
ga_view_zoom_set( 27.134438 )
ga_view_center_set( 37.970406, 43.997177 )
ga_view_zoom_set( 30.526241 )
ga_view_center_set( 38.218113, 43.459595 )
ga_view_zoom_set( 34.342022 )
ga_view_center_set( 38.473072, 42.878532 )
ga_view_zoom_set( 38.634773 )
ga_view_center_set( 38.146221, 42.891865 )
ga_view_zoom_set( 43.464119 )
ga_view_center_set( 37.778519, 42.906876 )
ga_view_zoom_set( 48.897133 )
ga_view_center_set( 37.364853, 42.923759 )
ga_view_zoom_set( 55.009274 )
ga_view_center_set( 36.880478, 42.980747 )
ga_view_zoom_set( 61.885433 )
ga_view_center_set( 36.271439, 43.066219 )
ga_view_zoom_set( 69.621109 )
ga_view_center_set( 35.393963, 43.234497 )
ga_view_zoom_set( 78.323746 )
$# UNDO: Edit Surface Break for Curve 1:2
sgm_edit_surface_break_v1( "14", "Surface 1:3", TRUE, 3, 0, 0., "", "",  @
"Curve 1:8", sgm_surface_break_c_created_ids )
$# Warning reported from application SGM
$#     Unable to break Surface 1 with Curve 1
$# Warning reported from application SGM
$#     Unable to break Surface 2 with Curve 2
$# Warning reported from application SGM
$#     Unable to break Surface 3 with Curve 3
$# Warning reported from application SGM
$#     Unable to break Surface 3 with Curve 4
$# Warning reported from application SGM
$#     Unable to break Surface 3 with Curve 5
$# Warning reported from application SGM
$#     Unable to break Surface 3 with Curve 6
$# Warning reported from application SGM
$#     Unable to break Surface 3 with Curve 7
$# Warning reported from application SGM
$#     Unable to break Surface 3 with Curve 8
$# No Geometry Created.
sgm_edit_surface_break_v1( "14", "Surface 1:3", TRUE, 3, 0, 0., "", "",  @
"Curve 1:7", sgm_surface_break_c_created_ids )
$# Warning reported from application SGM
$#     Unable to break Surface 1 with Curve 1
$# Warning reported from application SGM
$#     Unable to break Surface 2 with Curve 2
$# Warning reported from application SGM
$#     Unable to break Surface 3 with Curve 3
$# Warning reported from application SGM
$#     Unable to break Surface 3 with Curve 4
$# Warning reported from application SGM
$#     Unable to break Surface 3 with Curve 5
$# Warning reported from application SGM
$#     Unable to break Surface 3 with Curve 6
$# Warning reported from application SGM
$#     Unable to break Surface 3 with Curve 7
$# No Geometry Created.
sgm_edit_surface_break_v1( "14", "Surface 1:3", TRUE, 3, 0, 0., "", "",  @
"Curve 1:6", sgm_surface_break_c_created_ids )
$# Warning reported from application SGM
$#     Unable to break Surface 1 with Curve 1
$# Warning reported from application SGM
$#     Unable to break Surface 2 with Curve 2
$# Warning reported from application SGM
$#     Unable to break Surface 3 with Curve 3
$# Warning reported from application SGM
$#     Unable to break Surface 3 with Curve 4
$# Warning reported from application SGM
$#     Unable to break Surface 3 with Curve 5
$# Warning reported from application SGM
$#     Unable to break Surface 3 with Curve 6
$# No Geometry Created.
sgm_edit_surface_break_v1( "14", "Surface 1:3", TRUE, 3, 0, 0., "", "",  @
"Curve 1:5", sgm_surface_break_c_created_ids )
$# Warning reported from application SGM
$#     Unable to break Surface 1 with Curve 1
$# Warning reported from application SGM
$#     Unable to break Surface 2 with Curve 2
$# Warning reported from application SGM
$#     Unable to break Surface 3 with Curve 3
$# Warning reported from application SGM
$#     Unable to break Surface 3 with Curve 4
$# Warning reported from application SGM
$#     Unable to break Surface 3 with Curve 5
$# No Geometry Created.
sgm_edit_surface_break_v1( "14", "Surface 1:3", TRUE, 3, 0, 0., "", "",  @
"Curve 1:3", sgm_surface_break_c_created_ids )
$# Warning reported from application SGM
$#     Unable to break Surface 1 with Curve 1
$# Warning reported from application SGM
$#     Unable to break Surface 2 with Curve 2
$# Warning reported from application SGM
$#     Unable to break Surface 3 with Curve 3
$# No Geometry Created.
ga_view_aa_set( -88.620102, -2.701052, 36.964169 )
ga_view_aa_set( -131.099945, -64.734367, -169.257492 )
ga_view_aa_set( 8.242906, 65.070755, -95.508713 )
ga_view_aa_set( -108.635231, 12.635626, -89.922768 )
ga_view_aa_set( -97.244713, 32.996735, -153.793274 )
